// Jest Snapshot v1, https://goo.gl/fbAQLP

exports[`Has not changed? 1`] = `
<div
  className="container"
>
  <h2
    className="title col-xs-12"
  >
    Car Hire – Search, Compare & Save
  </h2>
  <h5
    className="sub-title col-xs-12"
  >
    Compare 900 companies at over 60,000 locations. Best price guaranteed
  </h5>
  <div
    className="searchContainer"
  >
    <h1>
       Where are you going?
    </h1>
    <div
      className="col-xs-12"
    >
      <form
        className="col-xs-12"
        onSubmit={[Function]}
      >
        <div
          className="field"
        >
          <label
            htmlFor="pickUpInput"
          >
            Pick-up Location
          </label>
          <input
            autoComplete="off"
            className="form-control col-xs-12 "
            id="pickUpInput"
            onChange={[Function]}
            placeholder="city, airport, station, region and district..."
            type="text"
          />
        </div>
      </form>
    </div>
    <ul
      className=""
      id="resultsContainer"
    />
  </div>
</div>
`;
